------------------------------------------------------------
TimeQuest Timing Analyzer Summary
------------------------------------------------------------

Type  : Slow 1100mV 85C Model Setup 'clock'
Slack : -11.040
TNS   : -10713.531

Type  : Slow 1100mV 85C Model Hold 'clock'
Slack : 0.315
TNS   : 0.000

Type  : Slow 1100mV 85C Model Minimum Pulse Width 'clock'
Slack : -2.174
TNS   : -1076.782

Type  : Slow 1100mV 0C Model Setup 'clock'
Slack : -10.794
TNS   : -10523.788

Type  : Slow 1100mV 0C Model Hold 'clock'
Slack : 0.308
TNS   : 0.000

Type  : Slow 1100mV 0C Model Minimum Pulse Width 'clock'
Slack : -2.174
TNS   : -1117.978

Type  : Fast 1100mV 85C Model Setup 'clock'
Slack : -6.348
TNS   : -5929.975

Type  : Fast 1100mV 85C Model Hold 'clock'
Slack : 0.193
TNS   : 0.000

Type  : Fast 1100mV 85C Model Minimum Pulse Width 'clock'
Slack : -2.174
TNS   : -576.666

Type  : Fast 1100mV 0C Model Setup 'clock'
Slack : -5.610
TNS   : -5258.170

Type  : Fast 1100mV 0C Model Hold 'clock'
Slack : 0.175
TNS   : 0.000

Type  : Fast 1100mV 0C Model Minimum Pulse Width 'clock'
Slack : -2.174
TNS   : -577.010

------------------------------------------------------------
